
PROGRAM "C:\Users\jctor\Google Drive\EEST3SI\AED3\Proyectos\Tanteador ping-pong\Tanteador\bin\Project.abs"

*********************************************************************************************
TARGET SECTION
---------------------------------------------------------------------------------------------
Processor   : Freescale HC08
Memory Model: SMALL
File Format : ELF\DWARF 2.0
Linker      : SmartLinker V-5.0.37 Build 9279, Oct  7 2009

*********************************************************************************************
FILE SECTION
---------------------------------------------------------------------------------------------
main.c.o                                Model: SMALL,         Lang: ANSI-C
MC68HC908AP32.C.o                       Model: SMALL,         Lang: ANSI-C
Start08.c.o                             Model: SMALL,         Lang: ANSI-C

*********************************************************************************************
STARTUP SECTION
---------------------------------------------------------------------------------------------
Entry point: 0x8EC (_Startup)
_startupData is allocated at 0x8F5 and uses 6 Bytes
extern struct _tagStartup {
  unsigned nofZeroOut     0
  _Copy    *toCopyDownBeg 0xAA3
} _startupData;

*********************************************************************************************
SECTION-ALLOCATION SECTION
Section Name                    Size  Type     From       To       Segment
---------------------------------------------------------------------------------------------
.init                            149     R      0x860      0x8F4   ROM
.startData                        14     R      0x8F5      0x902   ROM
.text                            416     R      0x903      0xAA2   ROM
.copy                              2     R      0xAA3      0xAA4   ROM
.abs_section_0                     1   N/I        0x0        0x0   .absSeg0
.abs_section_1                     1   N/I        0x1        0x1   .absSeg1
.abs_section_2                     1   N/I        0x2        0x2   .absSeg2
.abs_section_3                     1   N/I        0x3        0x3   .absSeg3
.abs_section_4                     1   N/I        0x4        0x4   .absSeg4
.abs_section_5                     1   N/I        0x5        0x5   .absSeg5
.abs_section_6                     1   N/I        0x6        0x6   .absSeg6
.abs_section_7                     1   N/I        0x7        0x7   .absSeg7
.abs_section_c                     1   N/I        0xC        0xC   .absSeg8
.abs_section_10                    1   N/I       0x10       0x10   .absSeg9
.abs_section_11                    1   N/I       0x11       0x11   .absSeg10
.abs_section_12                    1   N/I       0x12       0x12   .absSeg11
.abs_section_13                    1   N/I       0x13       0x13   .absSeg12
.abs_section_14                    1   N/I       0x14       0x14   .absSeg13
.abs_section_15                    1   N/I       0x15       0x15   .absSeg14
.abs_section_16                    1   N/I       0x16       0x16   .absSeg15
.abs_section_17                    1   N/I       0x17       0x17   .absSeg16
.abs_section_18                    1   N/I       0x18       0x18   .absSeg17
.abs_section_19                    1   N/I       0x19       0x19   .absSeg18
.abs_section_1a                    1   N/I       0x1A       0x1A   .absSeg19
.abs_section_1b                    1   N/I       0x1B       0x1B   .absSeg20
.abs_section_1c                    1   N/I       0x1C       0x1C   .absSeg21
.abs_section_1d                    1   N/I       0x1D       0x1D   .absSeg22
.abs_section_1e                    1   N/I       0x1E       0x1E   .absSeg23
.abs_section_1f                    1   N/I       0x1F       0x1F   .absSeg24
.abs_section_20                    1   N/I       0x20       0x20   .absSeg25
.abs_section_25                    1   N/I       0x25       0x25   .absSeg26
.abs_section_28                    1   N/I       0x28       0x28   .absSeg27
.abs_section_2b                    1   N/I       0x2B       0x2B   .absSeg28
.abs_section_30                    1   N/I       0x30       0x30   .absSeg29
.abs_section_33                    1   N/I       0x33       0x33   .absSeg30
.abs_section_36                    1   N/I       0x36       0x36   .absSeg31
.abs_section_37                    1   N/I       0x37       0x37   .absSeg32
.abs_section_3a                    1   N/I       0x3A       0x3A   .absSeg33
.abs_section_3b                    1   N/I       0x3B       0x3B   .absSeg34
.abs_section_40                    1   N/I       0x40       0x40   .absSeg35
.abs_section_41                    1   N/I       0x41       0x41   .absSeg36
.abs_section_42                    1   N/I       0x42       0x42   .absSeg37
.abs_section_43                    1   N/I       0x43       0x43   .absSeg38
.abs_section_44                    1   N/I       0x44       0x44   .absSeg39
.abs_section_45                    1   N/I       0x45       0x45   .absSeg40
.abs_section_46                    1   N/I       0x46       0x46   .absSeg41
.abs_section_47                    1   N/I       0x47       0x47   .absSeg42
.abs_section_48                    1   N/I       0x48       0x48   .absSeg43
.abs_section_49                    1   N/I       0x49       0x49   .absSeg44
.abs_section_4a                    1   N/I       0x4A       0x4A   .absSeg45
.abs_section_4b                    1   N/I       0x4B       0x4B   .absSeg46
.abs_section_4c                    1   N/I       0x4C       0x4C   .absSeg47
.abs_section_4d                    1   N/I       0x4D       0x4D   .absSeg48
.abs_section_4e                    1   N/I       0x4E       0x4E   .absSeg49
.abs_section_4f                    1   N/I       0x4F       0x4F   .absSeg50
.abs_section_51                    1   N/I       0x51       0x51   .absSeg51
.abs_section_57                    1   N/I       0x57       0x57   .absSeg52
.abs_section_58                    1   N/I       0x58       0x58   .absSeg53
.abs_section_5b                    1   N/I       0x5B       0x5B   .absSeg54
.abs_section_5c                    1   N/I       0x5C       0x5C   .absSeg55
.abs_section_5d                    1   N/I       0x5D       0x5D   .absSeg56
.abs_section_5e                    1   N/I       0x5E       0x5E   .absSeg57
.abs_section_fe00                  1   N/I     0xFE00     0xFE00   .absSeg58
.abs_section_fe01                  1   N/I     0xFE01     0xFE01   .absSeg59
.abs_section_fe03                  1   N/I     0xFE03     0xFE03   .absSeg60
.abs_section_fe04                  1   N/I     0xFE04     0xFE04   .absSeg61
.abs_section_fe05                  1   N/I     0xFE05     0xFE05   .absSeg62
.abs_section_fe06                  1   N/I     0xFE06     0xFE06   .absSeg63
.abs_section_fe08                  1   N/I     0xFE08     0xFE08   .absSeg64
.abs_section_fe09                  1   N/I     0xFE09     0xFE09   .absSeg65
.abs_section_fe0e                  1   N/I     0xFE0E     0xFE0E   .absSeg66
.abs_section_fe0f                  1   N/I     0xFE0F     0xFE0F   .absSeg67
.abs_section_ffff                  1   N/I     0xFFFF     0xFFFF   .absSeg68
.abs_section_21                    2   N/I       0x21       0x22   .absSeg69
.abs_section_23                    2   N/I       0x23       0x24   .absSeg70
.abs_section_26                    2   N/I       0x26       0x27   .absSeg71
.abs_section_29                    2   N/I       0x29       0x2A   .absSeg72
.abs_section_2c                    2   N/I       0x2C       0x2D   .absSeg73
.abs_section_2e                    2   N/I       0x2E       0x2F   .absSeg74
.abs_section_31                    2   N/I       0x31       0x32   .absSeg75
.abs_section_34                    2   N/I       0x34       0x35   .absSeg76
.abs_section_38                    2   N/I       0x38       0x39   .absSeg77
.abs_section_59                    2   N/I       0x59       0x5A   .absSeg78
.abs_section_fe0c                  2   N/I     0xFE0C     0xFE0D   .absSeg79
.stack                            80   R/W      0x100      0x14F   RAM
.vectSeg80_vect                    2     R     0xFFFE     0xFFFF   .vectSeg80

Summary of section sizes per section type:
READ_ONLY (R):         247 (dec:      583)
READ_WRITE (R/W):       50 (dec:       80)
NO_INIT (N/I):          5B (dec:       91)

*********************************************************************************************
VECTOR-ALLOCATION SECTION
    Address     InitValue   InitFunction
---------------------------------------------------------------------------------------------
     0xFFFE         0x8EC   _Startup

*********************************************************************************************
OBJECT-ALLOCATION SECTION
     Name               Module                 Addr   hSize   dSize     Ref    Section   RLIB
---------------------------------------------------------------------------------------------
MODULE:                 -- main.c.o --
- PROCEDURES:
     inicializaCPU                              903       7       7       1   .text       
     inicializaDisplays                         90A      10      16       1   .text       
     inicializaPulsadores                       91A       F      15       1   .text       
     demora100us                                929       9       9       1   .text       
     demora1ms                                  932       C      12       1   .text       
     demoraEnms                                 93E      17      23       3   .text       
     main                                       955       F      15       1   .text       
     ModoConfig                                 964     13F     319      12   .text       
- VARIABLES:
MODULE:                 -- MC68HC908AP32.C.o --
- PROCEDURES:
- VARIABLES:
     _PTA                                         0       1       1      18   .abs_section_0
     _PTB                                         1       1       1       8   .abs_section_1
     _PTC                                         2       1       1       8   .abs_section_2
     _PTD                                         3       1       1      28   .abs_section_3
     _DDRA                                        4       1       1       1   .abs_section_4
     _DDRB                                        5       1       1       1   .abs_section_5
     _DDRC                                        6       1       1       1   .abs_section_6
     _DDRD                                        7       1       1       5   .abs_section_7
     _LEDA                                        C       1       1       0   .abs_section_c
     _SPCR                                       10       1       1       0   .abs_section_10
     _SPSCR                                      11       1       1       0   .abs_section_11
     _SPDR                                       12       1       1       0   .abs_section_12
     _SCC1                                       13       1       1       0   .abs_section_13
     _SCC2                                       14       1       1       0   .abs_section_14
     _SCC3                                       15       1       1       0   .abs_section_15
     _SCS1                                       16       1       1       0   .abs_section_16
     _SCS2                                       17       1       1       0   .abs_section_17
     _SCDR                                       18       1       1       0   .abs_section_18
     _SCBR                                       19       1       1       0   .abs_section_19
     _KBSCR                                      1A       1       1       1   .abs_section_1a
     _KBIER                                      1B       1       1       1   .abs_section_1b
     _INTSCR2                                    1C       1       1       1   .abs_section_1c
     _CONFIG2                                    1D       1       1       1   .abs_section_1d
     _INTSCR1                                    1E       1       1       0   .abs_section_1e
     _CONFIG1                                    1F       1       1       1   .abs_section_1f
     _T1SC                                       20       1       1       0   .abs_section_20
     _T1SC0                                      25       1       1       0   .abs_section_25
     _T1SC1                                      28       1       1       0   .abs_section_28
     _T2SC                                       2B       1       1       0   .abs_section_2b
     _T2SC0                                      30       1       1       0   .abs_section_30
     _T2SC1                                      33       1       1       0   .abs_section_33
     _PCTL                                       36       1       1       0   .abs_section_36
     _PBWC                                       37       1       1       0   .abs_section_37
     _PMRS                                       3A       1       1       0   .abs_section_3a
     _PMDS                                       3B       1       1       0   .abs_section_3b
     _IRSCC1                                     40       1       1       0   .abs_section_40
     _IRSCC2                                     41       1       1       0   .abs_section_41
     _IRSCC3                                     42       1       1       0   .abs_section_42
     _IRSCS1                                     43       1       1       0   .abs_section_43
     _IRSCS2                                     44       1       1       0   .abs_section_44
     _IRSCDR                                     45       1       1       0   .abs_section_45
     _IRSCBR                                     46       1       1       0   .abs_section_46
     _IRSCIRCR                                   47       1       1       0   .abs_section_47
     _MMADR                                      48       1       1       0   .abs_section_48
     _MMCR1                                      49       1       1       0   .abs_section_49
     _MMCR2                                      4A       1       1       0   .abs_section_4a
     _MMSR                                       4B       1       1       0   .abs_section_4b
     _MMDTR                                      4C       1       1       0   .abs_section_4c
     _MMDRR                                      4D       1       1       0   .abs_section_4d
     _MMCRDR                                     4E       1       1       0   .abs_section_4e
     _MMFDR                                      4F       1       1       0   .abs_section_4f
     _TBCR                                       51       1       1       0   .abs_section_51
     _ADSCR                                      57       1       1       0   .abs_section_57
     _ADICLK                                     58       1       1       0   .abs_section_58
     _ADR1L                                      5B       1       1       0   .abs_section_5b
     _ADR2L                                      5C       1       1       0   .abs_section_5c
     _ADR3L                                      5D       1       1       0   .abs_section_5d
     _ADASCR                                     5E       1       1       0   .abs_section_5e
     _SBSR                                     FE00       1       1       0   .abs_section_fe00
     _SRSR                                     FE01       1       1       0   .abs_section_fe01
     _SBFCR                                    FE03       1       1       0   .abs_section_fe03
     _INT1                                     FE04       1       1       0   .abs_section_fe04
     _INT2                                     FE05       1       1       0   .abs_section_fe05
     _INT3                                     FE06       1       1       0   .abs_section_fe06
     _FLCR                                     FE08       1       1       0   .abs_section_fe08
     _FLBPR                                    FE09       1       1       0   .abs_section_fe09
     _BRKSCR                                   FE0E       1       1       0   .abs_section_fe0e
     _LVISR                                    FE0F       1       1       0   .abs_section_fe0f
     _COPCTL                                   FFFF       1       1       0   .abs_section_ffff
     _T1CNT                                      21       2       2       0   .abs_section_21
     _T1MOD                                      23       2       2       0   .abs_section_23
     _T1CH0                                      26       2       2       0   .abs_section_26
     _T1CH1                                      29       2       2       0   .abs_section_29
     _T2CNT                                      2C       2       2       0   .abs_section_2c
     _T2MOD                                      2E       2       2       0   .abs_section_2e
     _T2CH0                                      31       2       2       0   .abs_section_31
     _T2CH1                                      34       2       2       0   .abs_section_34
     _PMS                                        38       2       2       0   .abs_section_38
     _ADR0                                       59       2       2       0   .abs_section_59
     _BRK                                      FE0C       2       2       0   .abs_section_fe0c
MODULE:                 -- Start08.c.o --
- PROCEDURES:
     loadByte                                   860      17      23       5   .init       
     Init                                       877      75     117       1   .init       
     _Startup                                   8EC       9       9       0   .init       
- VARIABLES:
     _startupData                               8F5       6       6       6   .startData  
- LABELS:
     __SEG_END_SSTACK                           150       0       0       1               

*********************************************************************************************
MODULE STATISTIC
  Name                                      Data   Code  Const
---------------------------------------------------------------------------------------------
  main.c.o                                     0    416      0
  MC68HC908AP32.C.o                           91      0      0
  Start08.c.o                                  0    149      0
  other                                       80     16      2

*********************************************************************************************
SECTION USE IN OBJECT-ALLOCATION SECTION
---------------------------------------------------------------------------------------------
SECTION: ".text"
  inicializaCPU inicializaDisplays inicializaPulsadores demora100us demora1ms 
  demoraEnms main ModoConfig 
SECTION: ".init"
  loadByte Init _Startup 
SECTION: ".abs_section_0"
  _PTA 
SECTION: ".abs_section_1"
  _PTB 
SECTION: ".abs_section_2"
  _PTC 
SECTION: ".abs_section_3"
  _PTD 
SECTION: ".abs_section_4"
  _DDRA 
SECTION: ".abs_section_5"
  _DDRB 
SECTION: ".abs_section_6"
  _DDRC 
SECTION: ".abs_section_7"
  _DDRD 
SECTION: ".abs_section_c"
  _LEDA 
SECTION: ".abs_section_10"
  _SPCR 
SECTION: ".abs_section_11"
  _SPSCR 
SECTION: ".abs_section_12"
  _SPDR 
SECTION: ".abs_section_13"
  _SCC1 
SECTION: ".abs_section_14"
  _SCC2 
SECTION: ".abs_section_15"
  _SCC3 
SECTION: ".abs_section_16"
  _SCS1 
SECTION: ".abs_section_17"
  _SCS2 
SECTION: ".abs_section_18"
  _SCDR 
SECTION: ".abs_section_19"
  _SCBR 
SECTION: ".abs_section_1a"
  _KBSCR 
SECTION: ".abs_section_1b"
  _KBIER 
SECTION: ".abs_section_1c"
  _INTSCR2 
SECTION: ".abs_section_1d"
  _CONFIG2 
SECTION: ".abs_section_1e"
  _INTSCR1 
SECTION: ".abs_section_1f"
  _CONFIG1 
SECTION: ".abs_section_20"
  _T1SC 
SECTION: ".abs_section_25"
  _T1SC0 
SECTION: ".abs_section_28"
  _T1SC1 
SECTION: ".abs_section_2b"
  _T2SC 
SECTION: ".abs_section_30"
  _T2SC0 
SECTION: ".abs_section_33"
  _T2SC1 
SECTION: ".abs_section_36"
  _PCTL 
SECTION: ".abs_section_37"
  _PBWC 
SECTION: ".abs_section_3a"
  _PMRS 
SECTION: ".abs_section_3b"
  _PMDS 
SECTION: ".abs_section_40"
  _IRSCC1 
SECTION: ".abs_section_41"
  _IRSCC2 
SECTION: ".abs_section_42"
  _IRSCC3 
SECTION: ".abs_section_43"
  _IRSCS1 
SECTION: ".abs_section_44"
  _IRSCS2 
SECTION: ".abs_section_45"
  _IRSCDR 
SECTION: ".abs_section_46"
  _IRSCBR 
SECTION: ".abs_section_47"
  _IRSCIRCR 
SECTION: ".abs_section_48"
  _MMADR 
SECTION: ".abs_section_49"
  _MMCR1 
SECTION: ".abs_section_4a"
  _MMCR2 
SECTION: ".abs_section_4b"
  _MMSR 
SECTION: ".abs_section_4c"
  _MMDTR 
SECTION: ".abs_section_4d"
  _MMDRR 
SECTION: ".abs_section_4e"
  _MMCRDR 
SECTION: ".abs_section_4f"
  _MMFDR 
SECTION: ".abs_section_51"
  _TBCR 
SECTION: ".abs_section_57"
  _ADSCR 
SECTION: ".abs_section_58"
  _ADICLK 
SECTION: ".abs_section_5b"
  _ADR1L 
SECTION: ".abs_section_5c"
  _ADR2L 
SECTION: ".abs_section_5d"
  _ADR3L 
SECTION: ".abs_section_5e"
  _ADASCR 
SECTION: ".abs_section_fe00"
  _SBSR 
SECTION: ".abs_section_fe01"
  _SRSR 
SECTION: ".abs_section_fe03"
  _SBFCR 
SECTION: ".abs_section_fe04"
  _INT1 
SECTION: ".abs_section_fe05"
  _INT2 
SECTION: ".abs_section_fe06"
  _INT3 
SECTION: ".abs_section_fe08"
  _FLCR 
SECTION: ".abs_section_fe09"
  _FLBPR 
SECTION: ".abs_section_fe0e"
  _BRKSCR 
SECTION: ".abs_section_fe0f"
  _LVISR 
SECTION: ".abs_section_ffff"
  _COPCTL 
SECTION: ".abs_section_21"
  _T1CNT 
SECTION: ".abs_section_23"
  _T1MOD 
SECTION: ".abs_section_26"
  _T1CH0 
SECTION: ".abs_section_29"
  _T1CH1 
SECTION: ".abs_section_2c"
  _T2CNT 
SECTION: ".abs_section_2e"
  _T2MOD 
SECTION: ".abs_section_31"
  _T2CH0 
SECTION: ".abs_section_34"
  _T2CH1 
SECTION: ".abs_section_38"
  _PMS 
SECTION: ".abs_section_59"
  _ADR0 
SECTION: ".abs_section_fe0c"
  _BRK 

*********************************************************************************************
OBJECT LIST SORTED BY ADDRESS
     Name                                      Addr   hSize   dSize     Ref    Section   RLIB
---------------------------------------------------------------------------------------------
     _PTA                                         0       1       1      18   .abs_section_0
     _PTB                                         1       1       1       8   .abs_section_1
     _PTC                                         2       1       1       8   .abs_section_2
     _PTD                                         3       1       1      28   .abs_section_3
     _DDRA                                        4       1       1       1   .abs_section_4
     _DDRB                                        5       1       1       1   .abs_section_5
     _DDRC                                        6       1       1       1   .abs_section_6
     _DDRD                                        7       1       1       5   .abs_section_7
     _LEDA                                        C       1       1       0   .abs_section_c
     _SPCR                                       10       1       1       0   .abs_section_10
     _SPSCR                                      11       1       1       0   .abs_section_11
     _SPDR                                       12       1       1       0   .abs_section_12
     _SCC1                                       13       1       1       0   .abs_section_13
     _SCC2                                       14       1       1       0   .abs_section_14
     _SCC3                                       15       1       1       0   .abs_section_15
     _SCS1                                       16       1       1       0   .abs_section_16
     _SCS2                                       17       1       1       0   .abs_section_17
     _SCDR                                       18       1       1       0   .abs_section_18
     _SCBR                                       19       1       1       0   .abs_section_19
     _KBSCR                                      1A       1       1       1   .abs_section_1a
     _KBIER                                      1B       1       1       1   .abs_section_1b
     _INTSCR2                                    1C       1       1       1   .abs_section_1c
     _CONFIG2                                    1D       1       1       1   .abs_section_1d
     _INTSCR1                                    1E       1       1       0   .abs_section_1e
     _CONFIG1                                    1F       1       1       1   .abs_section_1f
     _T1SC                                       20       1       1       0   .abs_section_20
     _T1CNT                                      21       2       2       0   .abs_section_21
     _T1MOD                                      23       2       2       0   .abs_section_23
     _T1SC0                                      25       1       1       0   .abs_section_25
     _T1CH0                                      26       2       2       0   .abs_section_26
     _T1SC1                                      28       1       1       0   .abs_section_28
     _T1CH1                                      29       2       2       0   .abs_section_29
     _T2SC                                       2B       1       1       0   .abs_section_2b
     _T2CNT                                      2C       2       2       0   .abs_section_2c
     _T2MOD                                      2E       2       2       0   .abs_section_2e
     _T2SC0                                      30       1       1       0   .abs_section_30
     _T2CH0                                      31       2       2       0   .abs_section_31
     _T2SC1                                      33       1       1       0   .abs_section_33
     _T2CH1                                      34       2       2       0   .abs_section_34
     _PCTL                                       36       1       1       0   .abs_section_36
     _PBWC                                       37       1       1       0   .abs_section_37
     _PMS                                        38       2       2       0   .abs_section_38
     _PMRS                                       3A       1       1       0   .abs_section_3a
     _PMDS                                       3B       1       1       0   .abs_section_3b
     _IRSCC1                                     40       1       1       0   .abs_section_40
     _IRSCC2                                     41       1       1       0   .abs_section_41
     _IRSCC3                                     42       1       1       0   .abs_section_42
     _IRSCS1                                     43       1       1       0   .abs_section_43
     _IRSCS2                                     44       1       1       0   .abs_section_44
     _IRSCDR                                     45       1       1       0   .abs_section_45
     _IRSCBR                                     46       1       1       0   .abs_section_46
     _IRSCIRCR                                   47       1       1       0   .abs_section_47
     _MMADR                                      48       1       1       0   .abs_section_48
     _MMCR1                                      49       1       1       0   .abs_section_49
     _MMCR2                                      4A       1       1       0   .abs_section_4a
     _MMSR                                       4B       1       1       0   .abs_section_4b
     _MMDTR                                      4C       1       1       0   .abs_section_4c
     _MMDRR                                      4D       1       1       0   .abs_section_4d
     _MMCRDR                                     4E       1       1       0   .abs_section_4e
     _MMFDR                                      4F       1       1       0   .abs_section_4f
     _TBCR                                       51       1       1       0   .abs_section_51
     _ADSCR                                      57       1       1       0   .abs_section_57
     _ADICLK                                     58       1       1       0   .abs_section_58
     _ADR0                                       59       2       2       0   .abs_section_59
     _ADR1L                                      5B       1       1       0   .abs_section_5b
     _ADR2L                                      5C       1       1       0   .abs_section_5c
     _ADR3L                                      5D       1       1       0   .abs_section_5d
     _ADASCR                                     5E       1       1       0   .abs_section_5e
     loadByte                                   860      17      23       5   .init       
     Init                                       877      75     117       1   .init       
     _Startup                                   8EC       9       9       0   .init       
     inicializaCPU                              903       7       7       1   .text       
     inicializaDisplays                         90A      10      16       1   .text       
     inicializaPulsadores                       91A       F      15       1   .text       
     demora100us                                929       9       9       1   .text       
     demora1ms                                  932       C      12       1   .text       
     demoraEnms                                 93E      17      23       3   .text       
     main                                       955       F      15       1   .text       
     ModoConfig                                 964     13F     319      12   .text       
     _SBSR                                     FE00       1       1       0   .abs_section_fe00
     _SRSR                                     FE01       1       1       0   .abs_section_fe01
     _SBFCR                                    FE03       1       1       0   .abs_section_fe03
     _INT1                                     FE04       1       1       0   .abs_section_fe04
     _INT2                                     FE05       1       1       0   .abs_section_fe05
     _INT3                                     FE06       1       1       0   .abs_section_fe06
     _FLCR                                     FE08       1       1       0   .abs_section_fe08
     _FLBPR                                    FE09       1       1       0   .abs_section_fe09
     _BRK                                      FE0C       2       2       0   .abs_section_fe0c
     _BRKSCR                                   FE0E       1       1       0   .abs_section_fe0e
     _LVISR                                    FE0F       1       1       0   .abs_section_fe0f
     _COPCTL                                   FFFF       1       1       0   .abs_section_ffff

*********************************************************************************************
UNUSED-OBJECTS SECTION
---------------------------------------------------------------------------------------------
NOT USED PROCEDURES
main.c.o:
  inicializaLeds demora1us demoraEnus demoraEns BCDa7seg hexa7seg 
  enciendePuntoDecimal apagaSegmentos apagaDisplays activaDisplay 
  formateaNumero4Digitos muestraCaracterEnDisplay muestraNumeroEnDisplay 
  barreDisplayPorSegmentos muestraNumero4Digitos datoLCD controlLCD initLCD 
  enviaCharLCD setLCDCursor printLCD 

*********************************************************************************************
COPYDOWN SECTION
---------------------------------------------------------------------------------------------
------- ROM-ADDRESS: 0xAA3 ---- SIZE       2 ---
Filling bytes inserted
 0000

*********************************************************************************************
OBJECT-DEPENDENCIES SECTION
---------------------------------------------------------------------------------------------
Init                      USES _startupData loadByte 
_Startup                  USES __SEG_END_SSTACK Init main 
inicializaCPU             USES _CONFIG1 _CONFIG2 
inicializaDisplays        USES _DDRA _DDRD _DDRB _INTSCR2 _DDRC 
inicializaPulsadores      USES _DDRD _KBIER _KBSCR 
demora1ms                 USES demora100us 
demoraEnms                USES demora1ms 
main                      USES inicializaCPU inicializaPulsadores 
                                inicializaDisplays ModoConfig 
ModoConfig                USES _PTB _PTC _PTD ModoConfig _PTA demoraEnms 

*********************************************************************************************
DEPENDENCY TREE
*********************************************************************************************
 main and _Startup Group
 | 
 +- main                
 |  | 
 |  +- inicializaCPU       
 |  |    
 |  +- inicializaPulsadores
 |  |    
 |  +- inicializaDisplays  
 |  |    
 |  +- ModoConfig          
 |     | 
 |     +- demoraEnms          
 |        | 
 |        +- demora1ms           
 |           | 
 |           +- demora100us         
 |                
 +- _Startup            
    | 
    +- Init                
    |  | 
    |  +- loadByte            
    |       
    +- main                 (see above)
       
*********************************************************************************************
STATISTIC SECTION
---------------------------------------------------------------------------------------------

ExeFile:
--------
Number of blocks to be downloaded: 4
Total size of all blocks to be downloaded: 583

